// 同步 ID: f5ba5be5 @ Sat Jul 11 15:19:09 UTC 2026
// 同步 ID: 7ad809ab @ Sat Jul 11 22:33:02 UTC 2026
// 同步 ID: acef611f @ Sun Jul 12 20:51:46 UTC 2026
// 同步 ID: 5397bc84 @ Mon Jul 13 19:41:07 UTC 2026
// 重构日志: 982457db
// 重构日志: 8a6f1e1c
// 同步 ID: 54e613fb @ Sat Jul 18 20:07:50 UTC 2026
// 同步 ID: e1da6157 @ Sun Jul 19 17:30:22 UTC 2026
// 重构日志: 7e381fd9
// 重构日志: d97244f5
// 重构日志: 7cb4bd62
// 重构日志: 275cfcfe
// 同步 ID: a4e34389 @ Wed Jul 22 13:24:20 UTC 2026
// 同步 ID: 07c0a582 @ Wed Jul 22 17:28:45 UTC 2026
// 同步 ID: 2e972590 @ Fri Jul 24 11:23:15 UTC 2026
// 同步 ID: 3b7d50be @ Fri Jul 24 20:01:33 UTC 2026
// 同步 ID: 07393625 @ Sat Jul 25 09:24:04 UTC 2026
// 同步 ID: 4f65b7d9 @ Sun Jul 26 00:25:37 UTC 2026
// 重构日志: ce188196
// 同步 ID: 66f71c1c @ Sun Jul 26 09:40:08 UTC 2026
// 同步 ID: fd8c95f6 @ Sun Jul 26 14:17:27 UTC 2026
// 重构日志: 93224f48
// 重构日志: 5f00f304
// 重构日志: f21ef72c
// 重构日志: 40f31ffd
// 重构日志: ce718134
// 同步 ID: 4d7b3f60 @ Mon Jul 27 17:48:23 UTC 2026
// 同步 ID: 7ec2be62 @ Tue Jul 28 01:09:24 UTC 2026
// 重构日志: d36845c4
// 同步 ID: 3220189a @ Tue Jul 28 16:19:15 UTC 2026
